dbo.ExerciseDefinitionAlternative.ExerciseDefinitionId
dbo.ExerciseDefinitionAlternative.AlternativeDefinitionId
dbo.ExerciseDefinitionCondition.ExerciseDefinitionId
dbo.ExerciseDefinitionCondition.ConditionId
dbo.ExerciseDefinitionEquipment.ExerciseDefinitionId
dbo.ExerciseDefinitionEquipment.EquipmentId
dbo.ExerciseDefinitionExercisePhase.ExerciseDefinitionId
dbo.ExerciseDefinitionExercisePhase.ExercisePhaseId
dbo.ExerciseDefinitionMuscleGroup.ExerciseDefinitionId
dbo.ExerciseDefinitionMuscleGroup.MuscleGroupId
dbo.ProgramClientEquipment.ProgramId
dbo.ProgramClientEquipment.EquipmentId
dbo.User.UserId
dbo.webpages_Membership.UserId
dbo.webpages_OAuthMembership.Provider
dbo.webpages_OAuthMembership.ProviderUserId
dbo.webpages_Roles.RoleId
dbo.webpages_UsersInRoles.UserId
dbo.webpages_UsersInRoles.RoleId
