The primary key constraint PK_SchemaVersions_Id should be named PK_SchemaVersions
