The following components come up as potentially unresolvable
	